[23-Sep-2026 01:32:37 UTC] [Afectivalab MP] retomando el pago pendiente: preapproval=00140f30f4f7495c8d618c7f84e02a00 usuario=2
[23-Sep-2026 01:36:33 UTC] [Afectivalab MP] retomando el pago pendiente: preapproval=00140f30f4f7495c8d618c7f84e02a00 usuario=2
[23-Sep-2026 01:47:19 UTC] [Afectivalab MP] no se pudo retomar el preapproval 00140f30f4f7495c8d618c7f84e02a00 (usuario 2), se crea uno nuevo — status HTTP 200 — respuesta: {"id":"00140f30f4f7495c8d618c7f84e02a00","payer_id":1809846413,"payer_email":"","back_url":"https:\/\/afectivalab.agenciamagneto.org\/suscribirse","collector_id":727658134,"application_id":4961126714964125,"status":"cancelled","reason":"Suscripci\u00f3n mensual Afectivalab","external_reference":"2","date_created":"2026-09-22T21:24:04.000-04:00","last_modified":"2026-09-22T21:38:33.595-04:00","auto_recurring":{"frequency":1,"frequency_type":"months","transaction_amount":50.57,"currency_id":"PEN","start_date":"2026-09-22T21:24:04.000-04:00","has_billing_day":false,"free_trial":null},"summarized":{"quotas":null,"charged_quantity":1,"pending_charge_quantity":null,"charged_amount":0,"pending_charge_amount":null,"semaphore":"yellow","last_charged_date":"2026-09-22T21:38:33.000-04:00","last_charged_amount":50.57},"next_payment_date":"2026-09-22T21:24:04.000-04:00","payment_method_id":"visa","payment_method_id_secondary":null,"first_invoice_offset":null,"subscription_id":"00140f30f4f7495c8d618c7f84e02a00","owner":null}
[23-Sep-2026 01:47:19 UTC] [Afectivalab MP] preapproval creado: id=480370d4ade344ca8c74171f3a70a45b usuario=2 monto=50.57 PEN
[23-Sep-2026 01:51:51 UTC] [Afectivalab MP] preapproval 480370d4ade344ca8c74171f3a70a45b sincronizado: usuario=2 estado=cancelled
[23-Sep-2026 01:51:51 UTC] [Afectivalab MP] preapproval 480370d4ade344ca8c74171f3a70a45b cancelado
[23-Sep-2026 01:51:55 UTC] [Afectivalab MP] preapproval creado: id=5d6f4c75e5754e9192d6687ed9001c99 usuario=2 monto=50.57 PEN
[23-Sep-2026 01:59:16 UTC] [Afectivalab MP] no se pudo retomar el preapproval 5d6f4c75e5754e9192d6687ed9001c99 (usuario 2), se crea uno nuevo — status HTTP 200 — respuesta: {"id":"5d6f4c75e5754e9192d6687ed9001c99","payer_id":1809846413,"payer_email":"","back_url":"https:\/\/afectivalab.agenciamagneto.org\/suscribirse","collector_id":727658134,"application_id":4961126714964125,"status":"cancelled","reason":"Suscripci\u00f3n mensual Afectivalab","external_reference":"2","date_created":"2026-09-22T21:51:55.000-04:00","last_modified":"2026-09-22T21:53:14.045-04:00","auto_recurring":{"frequency":1,"frequency_type":"months","transaction_amount":50.57,"currency_id":"PEN","start_date":"2026-09-22T21:51:55.000-04:00","has_billing_day":false,"free_trial":null},"summarized":{"quotas":null,"charged_quantity":1,"pending_charge_quantity":null,"charged_amount":0,"pending_charge_amount":null,"semaphore":"yellow","last_charged_date":"2026-09-22T21:53:14.000-04:00","last_charged_amount":50.57},"next_payment_date":"2026-09-22T21:51:55.000-04:00","payment_method_id":"master","payment_method_id_secondary":null,"first_invoice_offset":null,"subscription_id":"5d6f4c75e5754e9192d6687ed9001c99","owner":null}
[23-Sep-2026 01:59:16 UTC] [Afectivalab MP] no se pudo crear el preapproval para el usuario 2 — status HTTP 400 — respuesta: {"message":"payer_email is required","status":400}
[23-Sep-2026 01:59:24 UTC] [Afectivalab MP] no se pudo cancelar el preapproval 5d6f4c75e5754e9192d6687ed9001c99 — status HTTP 400 — respuesta: {"message":"You can not modify a cancelled preapproval.","status":400}
[23-Sep-2026 01:59:28 UTC] [Afectivalab MP] no se pudo crear el preapproval para el usuario 2 — status HTTP 400 — respuesta: {"message":"payer_email is required","status":400}
[23-Sep-2026 02:03:47 UTC] [Afectivalab MP] preapproval creado: id=57112f2ef38e4af38ce5ece7c854cb76 usuario=2 monto=50.57 PEN
[23-Sep-2026 02:11:38 UTC] [Afectivalab MP] no se pudo retomar el preapproval 57112f2ef38e4af38ce5ece7c854cb76 (usuario 2), se crea uno nuevo — status HTTP 200 — respuesta: {"id":"57112f2ef38e4af38ce5ece7c854cb76","payer_id":1809846413,"payer_email":"","back_url":"https:\/\/afectivalab.agenciamagneto.org\/suscribirse","collector_id":727658134,"application_id":4961126714964125,"status":"cancelled","reason":"Suscripci\u00f3n mensual Afectivalab","external_reference":"2","date_created":"2026-09-22T22:03:47.000-04:00","last_modified":"2026-09-22T22:04:22.654-04:00","auto_recurring":{"frequency":1,"frequency_type":"months","transaction_amount":50.57,"currency_id":"PEN","start_date":"2026-09-22T22:03:47.000-04:00","has_billing_day":false,"free_trial":null},"summarized":{"quotas":null,"charged_quantity":1,"pending_charge_quantity":null,"charged_amount":0,"pending_charge_amount":null,"semaphore":"yellow","last_charged_date":"2026-09-22T22:04:22.000-04:00","last_charged_amount":50.57},"next_payment_date":"2026-09-22T22:03:47.000-04:00","payment_method_id":"master","payment_method_id_secondary":null,"first_invoice_offset":null,"subscription_id":"57112f2ef38e4af38ce5ece7c854cb76","owner":null}
[23-Sep-2026 02:11:38 UTC] [Afectivalab MP] preapproval creado: id=d2ef884fc35e41dc93b8efb084a036f1 usuario=2 monto=50.57 PEN
[23-Sep-2026 02:11:46 UTC] [Afectivalab MP] preapproval d2ef884fc35e41dc93b8efb084a036f1 sincronizado: usuario=2 estado=cancelled
[23-Sep-2026 02:11:46 UTC] [Afectivalab MP] preapproval d2ef884fc35e41dc93b8efb084a036f1 cancelado
[23-Sep-2026 02:11:50 UTC] [Afectivalab MP] preapproval creado: id=2adedc33c768403c9ae676a764553355 usuario=2 monto=50.57 PEN
[23-Sep-2026 02:13:26 UTC] [Afectivalab MP] preapproval 2adedc33c768403c9ae676a764553355 sincronizado: usuario=2 estado=cancelled
[23-Sep-2026 02:13:26 UTC] [Afectivalab MP] preapproval 2adedc33c768403c9ae676a764553355 cancelado
[23-Sep-2026 02:13:41 UTC] [Afectivalab MP] preapproval creado: id=3f9f59dfda2440d384711da093c9099b usuario=2 monto=50.57 PEN modo=test init_point=https://www.mercadopago.com.pe/subscriptions/checkout?preapproval_id=3f9f59dfda2440d384711da093c9099b&activation=true sandbox_init_point=(ninguno) elegido=https://www.mercadopago.com.pe/subscriptions/checkout?preapproval_id=3f9f59dfda2440d384711da093c9099b&activation=true
[23-Sep-2026 05:20:05 UTC] [Afectivalab MP] POST a /suscribirse con card_token_id pero sin afectivalab_suscribirse_submit — revisar assets/js/suscripcion.js
[23-Sep-2026 05:31:26 UTC] [Afectivalab MP] POST a /suscribirse con card_token_id pero sin afectivalab_suscribirse_submit — revisar assets/js/suscripcion.js
[23-Sep-2026 05:34:48 UTC] [Afectivalab MP] no se pudo crear el customer para geampier19@gmail.com — status HTTP 403 — respuesta: {"blocked_by":"PolicyAgent","code":"PA_UNAUTHORIZED_RESULT_FROM_POLICIES","message":"At least one policy returned UNAUTHORIZED.","status":403}
